// Jest Snapshot v1, https://goo.gl/fbAQLP

exports[`initialState 1`] = `
Object {
  "account": Object {
    "accountReferral": Object {
      "hiddenAccountMessages": Object {},
      "ignoreAccountSwap": false,
      "promotions": Array [],
    },
    "accountReferralLoaded": false,
    "referralCache": Object {
      "accountMessages": Array [],
      "accountPlugins": Array [],
    },
  },
  "contacts": Array [],
  "core": Object {
    "account": Object {
      "activeWalletIds": Array [],
      "currencyWallets": Object {},
    },
    "context": Object {},
    "disklet": Object {},
    "edgeLogin": Object {
      "error": null,
      "isProcessing": false,
      "lobby": null,
    },
    "otpErrorShown": false,
  },
  "cryptoExchange": Object {
    "calculatingMax": false,
    "creatingWallet": false,
    "forceUpdateGuiCounter": 0,
    "fromBalanceMessage": "",
    "fromCurrencyCode": null,
    "fromCurrencyIcon": null,
    "fromCurrencyIconDark": null,
    "fromDisplayAmount": "0",
    "fromNativeAmount": "0",
    "fromWallet": null,
    "fromWalletPrimaryInfo": Object {
      "displayCurrencyCode": "",
      "displayDenomination": Object {
        "multiplier": "1",
        "name": "",
      },
      "exchangeCurrencyCode": "",
      "exchangeDenomination": Object {
        "multiplier": "1",
        "name": "",
      },
    },
    "genericShapeShiftError": null,
    "insufficientError": false,
    "shiftPendingTransaction": false,
    "toBalanceMessage": "",
    "toCurrencyCode": null,
    "toCurrencyIcon": null,
    "toCurrencyIconDark": null,
    "toDisplayAmount": "0",
    "toNativeAmount": "0",
    "toWallet": null,
    "toWalletPrimaryInfo": Object {
      "displayCurrencyCode": "",
      "displayDenomination": Object {
        "multiplier": "1",
        "name": "",
      },
      "exchangeCurrencyCode": "",
      "exchangeDenomination": Object {
        "multiplier": "1",
        "name": "",
      },
    },
  },
  "deviceReferral": Object {
    "messages": Array [],
    "plugins": Array [],
  },
  "exchangeRates": Object {},
  "network": Object {
    "isConnected": true,
  },
  "nextUsername": null,
  "pendingDeepLink": null,
  "permissions": Object {
    "camera": "denied",
    "contacts": "denied",
    "location": "denied",
  },
  "ui": Object {
    "fio": Object {
      "connectedWalletsByFioAddress": Object {},
      "needToCheckExpired": false,
    },
    "passwordReminder": Object {
      "lastLoginDate": -Infinity,
      "lastPasswordUseDate": -Infinity,
      "needsPasswordCheck": false,
      "nonPasswordDaysLimit": 2,
      "nonPasswordLoginsCount": 0,
      "nonPasswordLoginsLimit": 2,
      "passwordUseCount": 0,
    },
    "scenes": Object {
      "controlPanel": Object {
        "usersView": false,
      },
      "createWallet": Object {
        "handleActivationInfo": Object {
          "activationCost": "",
          "supportedCurrencies": Object {},
        },
        "handleAvailableStatus": "",
        "isCheckingHandleAvailability": false,
        "isCreatingWallet": false,
        "walletAccountActivationPaymentInfo": Object {
          "amount": "",
          "currencyCode": "",
          "exchangeAmount": "",
          "expireTime": 0,
          "paymentAddress": "",
        },
        "walletAccountActivationQuoteError": "",
      },
      "editToken": Object {
        "editCustomTokenProcessing": false,
      },
      "fioAddress": Object {
        "fioAddresses": Array [],
        "fioAddressesLoading": false,
        "fioDomains": Array [],
      },
      "requestType": Object {
        "uniqueLegacyAddress": false,
        "useLegacyAddress": false,
      },
      "scan": Object {
        "parsedUri": null,
        "privateKeyModal": Object {
          "error": null,
          "isSweeping": false,
          "secondaryModal": Object {
            "isActive": false,
          },
        },
        "scanEnabled": false,
        "torchEnabled": false,
      },
      "sendConfirmation": Object {
        "address": "",
        "authRequired": "none",
        "error": null,
        "forceUpdateGuiCounter": 0,
        "guiMakeSpendInfo": Object {
          "customNetworkFee": Object {},
          "metadata": Object {
            "amountFiat": 0,
            "bizId": 0,
            "category": "",
            "name": "",
            "notes": "",
          },
          "nativeAmount": "0",
          "networkFeeOption": "standard",
          "publicAddress": "",
        },
        "isEditable": true,
        "nativeAmount": "0",
        "pending": false,
        "pin": "",
        "spendInfo": null,
        "toggleCryptoOnTop": 0,
        "transaction": Object {
          "blockHeight": -1,
          "currencyCode": "",
          "date": 0,
          "metadata": Object {},
          "nativeAmount": "0",
          "networkFee": "",
          "otherParams": Object {},
          "ourReceiveAddresses": Array [],
          "parentNetworkFee": "",
          "signedTx": "",
          "txid": "",
        },
        "transactionMetadata": null,
      },
      "transactionDetails": Object {
        "subcategories": Array [],
      },
      "transactionList": Object {
        "currentCurrencyCode": "",
        "currentEndIndex": 0,
        "currentWalletId": "",
        "numTransactions": 0,
        "transactionIdMap": Object {},
        "transactions": Array [],
      },
      "uniqueIdentifierModal": Object {
        "isActive": false,
        "uniqueIdentifier": undefined,
      },
      "walletList": Object {
        "viewXPubWalletModalVisible": false,
        "walletArchivesVisible": false,
        "walletId": "",
        "xPubExplorer": "",
        "xPubSyntax": "",
      },
    },
    "settings": Object {
      "AAVE": Object {
        "defaultFee": "none",
        "denomination": "1000000000000000000",
      },
      "ABAT": Object {
        "defaultFee": "none",
        "denomination": "1000000000000000000",
      },
      "ADAI": Object {
        "defaultFee": "none",
        "denomination": "1000000000000000000",
      },
      "AGLD": Object {
        "defaultFee": "none",
        "denomination": "1000000000",
      },
      "AKNC": Object {
        "defaultFee": "none",
        "denomination": "1000000000000000000",
      },
      "ALINK": Object {
        "defaultFee": "none",
        "denomination": "1000000000000000000",
      },
      "AMANA": Object {
        "defaultFee": "none",
        "denomination": "1000000000000000000",
      },
      "AMKR": Object {
        "defaultFee": "none",
        "denomination": "1000000000000000000",
      },
      "AMPL": Object {
        "defaultFee": "none",
        "denominations": "1000000000",
      },
      "ANT": Object {
        "defaultFee": "none",
        "denomination": "1000000000000000000",
      },
      "ANTV1": Object {
        "defaultFee": "none",
        "denomination": "1000000000000000000",
      },
      "AREN": Object {
        "defaultFee": "none",
        "denomination": "1000000000000000000",
      },
      "ASNX": Object {
        "defaultFee": "none",
        "denomination": "1000000000000000000",
      },
      "ASUSD": Object {
        "defaultFee": "none",
        "denomination": "1000000000000000000",
      },
      "AUNI": Object {
        "defaultFee": "none",
        "denomination": "1000000000000000000",
      },
      "AUSDC": Object {
        "defaultFee": "none",
        "denomination": "1000000",
      },
      "AUSDT": Object {
        "defaultFee": "none",
        "denomination": "1000000",
      },
      "AWBTC": Object {
        "defaultFee": "none",
        "denomination": "100000000",
      },
      "AWETH": Object {
        "defaultFee": "none",
        "denomination": "1000000000000000000",
      },
      "AYFI": Object {
        "defaultFee": "none",
        "denomination": "1000000000000000000",
      },
      "AZRX": Object {
        "defaultFee": "none",
        "denomination": "1000000000000000000",
      },
      "BADGER": Object {
        "defaultFee": "none",
        "denominations": "1000000000000000000",
      },
      "BAL": Object {
        "defaultFee": "none",
        "denominations": "1000000000000000000",
      },
      "BAND": Object {
        "defaultFee": "none",
        "denominations": "1000000000000000000",
      },
      "BAT": Object {
        "defaultFee": "none",
        "denomination": "1000000000000000000",
      },
      "BCH": Object {
        "defaultFee": "none",
        "denomination": "100000000",
      },
      "BNB": Object {
        "defaultFee": "none",
        "denomination": "100000000",
      },
      "BNT": Object {
        "defaultFee": "none",
        "denomination": "1000000000000000000",
      },
      "BRZ": Object {
        "defaultFee": "none",
        "denomination": "10000",
      },
      "BTC": Object {
        "defaultFee": "none",
        "denomination": "100000000",
      },
      "CBAT": Object {
        "defaultFee": "none",
        "denomination": "100000000",
      },
      "CDAI": Object {
        "defaultFee": "none",
        "denomination": "100000000",
      },
      "CETH": Object {
        "defaultFee": "none",
        "denomination": "100000000",
      },
      "COMBO": Object {
        "defaultFee": "none",
        "denominations": "1000000000000000000",
      },
      "COMP": Object {
        "defaultFee": "none",
        "denomination": "1000000000000000000",
      },
      "CREAM": Object {
        "defaultFee": "none",
        "denominations": "1000000000000000000",
      },
      "CREP": Object {
        "defaultFee": "none",
        "denomination": "100000000",
      },
      "CRV": Object {
        "defaultFee": "none",
        "denominations": "1000000000000000000",
      },
      "CSAI": Object {
        "defaultFee": "none",
        "denomination": "100000000",
      },
      "CUSDC": Object {
        "defaultFee": "none",
        "denomination": "100000000",
      },
      "CVP": Object {
        "defaultFee": "none",
        "denominations": "1000000000000000000",
      },
      "CWBTC": Object {
        "defaultFee": "none",
        "denomination": "100000000",
      },
      "CZRX": Object {
        "defaultFee": "none",
        "denomination": "100000000",
      },
      "DAI": Object {
        "defaultFee": "none",
        "denomination": "1000000000000000000",
      },
      "DASH": Object {
        "defaultFee": "none",
        "denomination": "100000000",
      },
      "DGB": Object {
        "defaultFee": "none",
        "denomination": "100000000",
      },
      "DOGE": Object {
        "defaultFee": "none",
        "denomination": "100000000",
      },
      "DOUGH": Object {
        "defaultFee": "none",
        "denominations": "1000000000000000000",
      },
      "DPI": Object {
        "defaultFee": "none",
        "denominations": "1000000000000000000",
      },
      "EOS": Object {
        "defaultFee": "none",
        "denomination": "10000",
      },
      "ETC": Object {
        "defaultFee": "none",
        "denomination": "1000000000000000000",
      },
      "ETH": Object {
        "defaultFee": "none",
        "denomination": "1000000000000000000",
      },
      "ETHBNT": Object {
        "defaultFee": "none",
        "denomination": "1000000000000000000",
      },
      "FIRO": Object {
        "defaultFee": "none",
        "denomination": "100000000",
      },
      "FTC": Object {
        "defaultFee": "none",
        "denomination": "100000000",
      },
      "FTM": Object {
        "defaultFee": "none",
        "denomination": "1000000000000000000",
      },
      "FUN": Object {
        "defaultFee": "none",
        "denomination": "100000000",
      },
      "FUSDT": Object {
        "defaultFee": "none",
        "denomination": "1000000",
      },
      "GLM": Object {
        "defaultFee": "none",
        "denomination": "1000000000000000000",
      },
      "GNO": Object {
        "defaultFee": "none",
        "denomination": "1000000000000000000",
      },
      "GNT": Object {
        "defaultFee": "none",
        "denomination": "1000000000000000000",
      },
      "GUSD": Object {
        "defaultFee": "none",
        "denomination": "100",
      },
      "HERC": Object {
        "defaultFee": "none",
        "denomination": "1000000000000000000",
      },
      "HUR": Object {
        "defaultFee": "none",
        "denomination": "1000000000000000000",
      },
      "IDLE": Object {
        "defaultFee": "none",
        "denominations": "1000000000000000000",
      },
      "IND": Object {
        "defaultFee": "none",
        "denomination": "1000000000000000000",
      },
      "INDEX": Object {
        "defaultFee": "none",
        "denominations": "1000000000000000000",
      },
      "KIN": Object {
        "defaultFee": "none",
        "denomination": "1000000000000000000",
      },
      "KNC": Object {
        "defaultFee": "none",
        "denomination": "1000000000000000000",
      },
      "LINK": Object {
        "defaultFee": "none",
        "denomination": "1000000000000000000",
      },
      "LTC": Object {
        "defaultFee": "none",
        "denomination": "100000000",
      },
      "MANA": Object {
        "defaultFee": "none",
        "denomination": "1000000000000000000",
      },
      "MET": Object {
        "defaultFee": "none",
        "denomination": "1000000000000000000",
      },
      "MKR": Object {
        "defaultFee": "none",
        "denomination": "1000000000000000000",
      },
      "NEXO": Object {
        "defaultFee": "none",
        "denomination": "1000000000000000000",
      },
      "NMR": Object {
        "defaultFee": "none",
        "denomination": "1000000000000000000",
      },
      "NXM": Object {
        "defaultFee": "none",
        "denominations": "1000000000000000000",
      },
      "OCEAN": Object {
        "defaultFee": "none",
        "denominations": "1000000000000000000",
      },
      "OMG": Object {
        "defaultFee": "none",
        "denomination": "1000000000000000000",
      },
      "OXT": Object {
        "defaultFee": "none",
        "denomination": "1000000000000000000",
      },
      "PAX": Object {
        "defaultFee": "none",
        "denomination": "1000000000000000000",
      },
      "PICKLE": Object {
        "defaultFee": "none",
        "denominations": "1000000000000000000",
      },
      "POLY": Object {
        "defaultFee": "none",
        "denomination": "1000000000000000000",
      },
      "QTUM": Object {
        "defaultFee": "none",
        "denomination": "100000000",
      },
      "RBTC": Object {
        "defaultFee": "none",
        "denomination": "1000000000000000000",
      },
      "REN": Object {
        "defaultFee": "none",
        "denominations": "1000000000000000000",
      },
      "RENBCH": Object {
        "defaultFee": "none",
        "denominations": "100000000",
      },
      "RENBTC": Object {
        "defaultFee": "none",
        "denominations": "100000000",
      },
      "RENZEC": Object {
        "defaultFee": "none",
        "denominations": "100000000",
      },
      "REP": Object {
        "defaultFee": "none",
        "denomination": "1000000000000000000",
      },
      "REPV2": Object {
        "defaultFee": "none",
        "denomination": "1000000000000000000",
      },
      "RIF": Object {
        "defaultFee": "none",
        "denomination": "1000000000000000000",
      },
      "ROOK": Object {
        "defaultFee": "none",
        "denominations": "1000000000000000000",
      },
      "RVN": Object {
        "defaultFee": "none",
        "denomination": "100000000",
      },
      "SAI": Object {
        "defaultFee": "none",
        "denomination": "1000000000000000000",
      },
      "SALT": Object {
        "defaultFee": "none",
        "denomination": "100000000",
      },
      "SBTC": Object {
        "defaultFee": "none",
        "denomination": "1000000000000000000",
      },
      "SMART": Object {
        "defaultFee": "none",
        "denomination": "100000000",
      },
      "SNX": Object {
        "defaultFee": "none",
        "denomination": "1000000000000000000",
      },
      "STORJ": Object {
        "defaultFee": "none",
        "denomination": "100000000",
      },
      "SUSD": Object {
        "defaultFee": "none",
        "denomination": "1000000000000000000",
      },
      "SUSHI": Object {
        "defaultFee": "none",
        "denominations": "1000000000000000000",
      },
      "TBTC": Object {
        "defaultFee": "none",
        "denominations": "1000000000000000000",
      },
      "TESTBTC": Object {
        "defaultFee": "none",
        "denomination": "100000000",
      },
      "TLOS": Object {
        "defaultFee": "none",
        "denomination": "10000",
      },
      "TUSD": Object {
        "defaultFee": "none",
        "denomination": "1000000000000000000",
      },
      "UFO": Object {
        "defaultFee": "none",
        "denomination": "100000000",
      },
      "UMA": Object {
        "defaultFee": "none",
        "denominations": "1000000000000000000",
      },
      "UNI": Object {
        "defaultFee": "none",
        "denominations": "1000000000000000000",
      },
      "USDC": Object {
        "defaultFee": "none",
        "denomination": "1000000",
      },
      "USDS": Object {
        "defaultFee": "none",
        "denomination": "1000000",
      },
      "USDT": Object {
        "defaultFee": "none",
        "denomination": "1000000",
      },
      "VTC": Object {
        "defaultFee": "none",
        "denomination": "100000000",
      },
      "WAX": Object {
        "defaultFee": "none",
        "denomination": "100000000",
      },
      "WBTC": Object {
        "defaultFee": "none",
        "denomination": "100000000",
      },
      "WETH": Object {
        "defaultFee": "none",
        "denominations": "1000000000000000000",
      },
      "WINGS": Object {
        "defaultFee": "none",
        "denomination": "1000000000000000000",
      },
      "XLM": Object {
        "defaultFee": "none",
        "denomination": "10000000",
      },
      "XMR": Object {
        "defaultFee": "none",
        "denomination": "1000000000000",
      },
      "XRP": Object {
        "defaultFee": "none",
        "denomination": "1000000",
      },
      "XTZ": Object {
        "defaultFee": "none",
        "denomination": "1000000",
      },
      "YETI": Object {
        "defaultFee": "none",
        "denominations": "1000000000000000000",
      },
      "YFI": Object {
        "defaultFee": "none",
        "denominations": "1000000000000000000",
      },
      "ZRX": Object {
        "defaultFee": "none",
        "denomination": "1000000000000000000",
      },
      "account": null,
      "autoLogoutTimeInSeconds": 3600,
      "bluetoothMode": false,
      "changesLocked": true,
      "countryCode": "",
      "customTokens": Array [],
      "defaultFiat": "USD",
      "defaultIsoFiat": "iso:USD",
      "developerModeOn": false,
      "isAccountBalanceVisible": true,
      "isTouchEnabled": false,
      "isTouchSupported": false,
      "isWalletFiatBalanceVisible": false,
      "loginStatus": null,
      "merchantMode": false,
      "mostRecentWallets": Array [],
      "passwordRecoveryRemindersShown": Object {
        "20": false,
        "200": false,
        "2000": false,
        "20000": false,
        "200000": false,
      },
      "passwordReminder": Object {
        "lastPasswordUseDate": 0,
        "needsPasswordCheck": false,
        "nonPasswordDaysLimit": 4,
        "nonPasswordLoginsCount": 0,
        "nonPasswordLoginsLimit": 4,
        "passwordUseCount": 0,
      },
      "pinLoginEnabled": false,
      "pinMode": false,
      "plugins": Object {
        "allCurrencyInfos": Array [],
        "supportedWalletTypes": Array [],
      },
      "preferredSwapPluginId": "",
      "spendingLimits": Object {
        "transaction": Object {
          "amount": 0,
          "isEnabled": false,
        },
      },
      "walletsSort": "default",
    },
    "wallets": Object {
      "activeWalletIds": Array [],
      "addTokenPending": false,
      "archivedWalletIds": Array [],
      "byId": Object {},
      "fioWallets": Array [],
      "manageTokensPending": false,
      "selectedCurrencyCode": "",
      "selectedWalletId": "",
      "walletLoadingProgress": Object {},
    },
  },
}
`;
