// Jest Snapshot v1, https://goo.gl/fbAQLP

exports[`QRCode should render 1`] = `
<View
  style={
    Object {
      "backgroundColor": "#FFFFFF",
      "borderRadius": 5.618309859154929,
      "padding": 14.045774647887324,
    }
  }
>
  <QRCode
    backgroundColor="white"
    color="black"
    ecl="M"
    logoBackgroundColor="white"
    logoBorderRadius={0}
    logoMargin={2}
    logoSize={20}
    size={333.5}
    value="?"
  />
</View>
`;
